// Jest Snapshot v1, https://goo.gl/fbAQLP

exports[`Gif Component tests should be rendered correctly 1`] = `
<div
  className="flex flex-col justify-center items-baseline rounded overflow-hidden shadow shadow-lime-500 bg-lime-200 text-lime-700 transition-all"
>
  <img
    alt="Test"
    className="object-cover w-full h-[20rem]"
    src="https://picsum.photos/200/300"
  />
  <span
    className="text-lg p-4 flex-auto"
  >
    Test
  </span>
</div>
`;
